masoodahmad@192 myProfile % git remote add origin https://github.com/masood-ekcs/myFirstCode.git
git branch -M main
git push -u origin main
masoodahmad@192 myProfile % git reset 2.txt
masoodahmad@192 myProfile % git push origin.main
fatal: 'origin.main' does not appear to be a git repository
fatal: Could not read from remote repository.

masoodahmad@192 myProfile % git pull origin main
hint: Pulling without specifying how to reconcile divergent branches is
hint: discouraged. You can squelch this message by running one of the following
hint: commands sometime before your next pull:
hint: 
hint:   git config pull.rebase false  # merge (the default strategy)
hint:   git config pull.rebase true   # rebase
hint:   git config pull.ff only       # fast-forward only
hint: 
hint: You can replace "git config" with "git config --global" to set a default
hint: preference for all repositories. You can also pass --rebase, --no-rebase,
hint: or --ff-only on the command line to override the configured default per
hint: invocation.
remote: Enumerating objects: 4, done.
remote: Counting objects: 100% (4/4), done.
remote: Compressing objects: 100% (2/2), done.
remote: Total 3 (delta 0), reused 0 (delta 0), pack-reused 0
Unpacking objects: 100% (3/3), 706 bytes | 235.00 KiB/s, done.
From https://github.com/masood-ekcs/myFirstCode
 * branch            main       -> FETCH_HEAD
   6f14aaf..f7b4e3b  main       -> origin/main
Updating 6f14aaf..f7b4e3b
Fast-forward
 index.html | 1 +
 1 file changed, 1 insertion(+)
 create mode 100644 index.html
masoodahmad@192 myProfile %  git branch
* main
masoodahmad@192 myProfile % git branch Branch1
masoodahmad@192 myProfile % git branch
  Branch1
* main
masoodahmad@192 myProfile % git checkout Branch1
Switched to branch 'Branch1'
masoodahmad@192 myProfile % git branch
* Branch1
  main
masoodahmad@192 myProfile % git add .
masoodahmad@192 myProfile % git commit -m ""
Aborting commit due to empty commit message.
masoodahmad@192 myProfile % git commit -m "1"
[Branch1 b615711] 1
 1 file changed, 1 insertion(+)
masoodahmad@192 myProfile % git push origin main
Everything up-to-date
masoodahmad@192 myProfile % git push origin Branch1
Enumerating objects: 5, done.
Counting objects: 100% (5/5), done.
Delta compression using up to 10 threads
Compressing objects: 100% (3/3), done.
Writing objects: 100% (3/3), 326 bytes | 326.00 KiB/s, done.
Total 3 (delta 1), reused 0 (delta 0), pack-reused 0
remote: Resolving deltas: 100% (1/1), completed with 1 local object.
remote: 
remote: Create a pull request for 'Branch1' on GitHub by visiting:
remote:      https://github.com/masood-ekcs/myFirstCode/pull/new/Branch1
remote: 
To https://github.com/masood-ekcs/myFirstCode.git
 * [new branch]      Branch1 -> Branch1
masoodahmad@192 myProfile % git checkout main
Switched to branch 'main'
Your branch is up to date with 'origin/main'.
masoodahmad@192 myProfile % git merge Branch1
Updating f7b4e3b..b615711
Fast-forward
 1.txt | 1 +
 1 file changed, 1 insertion(+)
masoodahmad@192 myProfile % git add .
masoodahmad@192 myProfile % git commit -m "2"
On branch main
Your branch is ahead of 'origin/main' by 1 commit.
  (use "git push" to publish your local commits)

nothing to commit, working tree clean
masoodahmad@192 myProfile % git push origin main
Total 0 (delta 0), reused 0 (delta 0), pack-reused 0
To https://github.com/masood-ekcs/myFirstCode.git
   f7b4e3b..b615711  main -> main
masoodahmad@192 myProfile % git branch -d Branch1
Deleted branch Branch1 (was b615711).
masoodahmad@192 myProfile % git add .
masoodahmad@192 myProfile % git commit -m "3"
On branch main
Your branch is up to date with 'origin/main'.

nothing to commit, working tree clean
masoodahmad@192 myProfile % git push origin main
Everything up-to-date
masoodahmad@192 myProfile % git branch
* main
masoodahmad@192 myProfile % git add .           
masoodahmad@192 myProfile % git commit -m "4"   
[main 5e566ea] 4
 1 file changed, 2 insertions(+)
masoodahmad@192 myProfile % git push origin main
Enumerating objects: 5, done.
Counting objects: 100% (5/5), done.
Delta compression using up to 10 threads
Compressing objects: 100% (3/3), done.
Writing objects: 100% (3/3), 336 bytes | 336.00 KiB/s, done.
Total 3 (delta 1), reused 0 (delta 0), pack-reused 0
remote: Resolving deltas: 100% (1/1), completed with 1 local object.
To https://github.com/masood-ekcs/myFirstCode.git
   b615711..5e566ea  main -> main
masoodahmad@192 myProfile % git branch
* main
masoodahmad@192 myProfile % cd..
zsh: command not found: cd..
masoodahmad@192 myProfile % cd.
zsh: command not found: cd.
masoodahmad@192 myProfile % git status
On branch main
Your branch is up to date with 'origin/main'.

nothing to commit, working tree clean
masoodahmad@192 myProfile % cd .. 
masoodahmad@192 CodingZen % git status
fatal: not a git repository (or any of the parent directories): .git
masoodahmad@192 CodingZen % git clone https://github.com/masood-ekcs/learningOpenSourceMasood.git
Cloning into 'learningOpenSourceMasood'...
remote: Enumerating objects: 3, done.
remote: Counting objects: 100% (3/3), done.
remote: Total 3 (delta 0), reused 0 (delta 0), pack-reused 0
Receiving objects: 100% (3/3), done.
masoodahmad@192 CodingZen % cd learningOpenSourceMasood
masoodahmad@192 learningOpenSourceMasood % git add .
masoodahmad@192 learningOpenSourceMasood % git commit -m "1"
[main 7ef217a] 1
 1 file changed, 1 insertion(+)
masoodahmad@192 learningOpenSourceMasood % git push origin main
Enumerating objects: 5, done.
Counting objects: 100% (5/5), done.
Writing objects: 100% (3/3), 253 bytes | 253.00 KiB/s, done.
Total 3 (delta 0), reused 0 (delta 0), pack-reused 0
To https://github.com/masood-ekcs/learningOpenSourceMasood.git
   68b667a..7ef217a  main -> main
masoodahmad@192 learningOpenSourceMasood % git pull upstream main
hint: Pulling without specifying how to reconcile divergent branches is
hint: discouraged. You can squelch this message by running one of the following
hint: commands sometime before your next pull:
hint: 
hint:   git config pull.rebase false  # merge (the default strategy)
hint:   git config pull.rebase true   # rebase
hint:   git config pull.ff only       # fast-forward only
hint: 
hint: You can replace "git config" with "git config --global" to set a default
hint: preference for all repositories. You can also pass --rebase, --no-rebase,
hint: or --ff-only on the command line to override the configured default per
hint: invocation.
fatal: 'upstream' does not appear to be a git repository
fatal: Could not read from remote repository.

Please make sure you have the correct access rights
and the repository exists.
masoodahmad@192 learningOpenSourceMasood % git remote add upstream https://github.com/Ayush-projects/learningOpenSource.git
masoodahmad@192 learningOpenSourceMasood % git pull upstream main
hint: Pulling without specifying how to reconcile divergent branches is
hint: discouraged. You can squelch this message by running one of the following
hint: commands sometime before your next pull:
hint: 
hint:   git config pull.rebase false  # merge (the default strategy)
hint:   git config pull.rebase true   # rebase
hint:   git config pull.ff only       # fast-forward only
hint: 
hint: You can replace "git config" with "git config --global" to set a default
hint: preference for all repositories. You can also pass --rebase, --no-rebase,
hint: or --ff-only on the command line to override the configured default per
hint: invocation.
remote: Enumerating objects: 6, done.
remote: Counting objects: 100% (6/6), done.
remote: Compressing objects: 100% (3/3), done.
remote: Total 4 (delta 0), reused 3 (delta 0), pack-reused 0
Unpacking objects: 100% (4/4), 986 bytes | 197.00 KiB/s, done.
From https://github.com/Ayush-projects/learningOpenSource
 * branch            main       -> FETCH_HEAD
 * [new branch]      main       -> upstream/main
Auto-merging index.html
CONFLICT (content): Merge conflict in index.html
Automatic merge failed; fix conflicts and then commit the result.
masoodahmad@192 learningOpenSourceMasood % git pull origin main
hint: Pulling without specifying how to reconcile divergent branches is
hint: discouraged. You can squelch this message by running one of the following
hint: commands sometime before your next pull:
hint: 
hint:   git config pull.rebase false  # merge (the default strategy)
hint:   git config pull.rebase true   # rebase
hint:   git config pull.ff only       # fast-forward only
hint: 
hint: You can replace "git config" with "git config --global" to set a default
hint: preference for all repositories. You can also pass --rebase, --no-rebase,
hint: or --ff-only on the command line to override the configured default per
hint: invocation.
error: Pulling is not possible because you have unmerged files.
hint: Fix them up in the work tree, and then use 'git add/rm <file>'
hint: as appropriate to mark resolution and make a commit.
fatal: Exiting because of an unresolved conflict.
masoodahmad@192 learningOpenSourceMasood % cd ..     
masoodahmad@192 .Trash % 



==================================



masoodahmad@192 CodingZen % git clone https://github.com/masood-ekcs/learningOpenSourceM.git
Cloning into 'learningOpenSourceM'...
remote: Enumerating objects: 7, done.
remote: Counting objects: 100% (7/7), done.
remote: Compressing objects: 100% (4/4), done.
remote: Total 7 (delta 0), reused 3 (delta 0), pack-reused 0
Receiving objects: 100% (7/7), done.
masoodahmad@192 CodingZen % git remote add upstream https://github.com/Ayush-projects/learningOpenSource.git
fatal: not a git repository (or any of the parent directories): .git
masoodahmad@192 CodingZen % git remote add upstream https://github.com/Ayush-projects/learningOpenSource
fatal: not a git repository (or any of the parent directories): .git
masoodahmad@192 CodingZen % git remote upstream https://github.com/Ayush-projects/learningOpenSource.git
fatal: not a git repository (or any of the parent directories): .git
masoodahmad@192 CodingZen % git remote add upstream https://github.com/Ayush-projects/learningOpenSource.git
fatal: not a git repository (or any of the parent directories): .git
masoodahmad@192 CodingZen % cd learningOpenSourceM
masoodahmad@192 learningOpenSourceM % git remote add upstream https://github.com/Ayush-projects/learningOpenSource.git
masoodahmad@192 learningOpenSourceM % git pull upstream main
hint: Pulling without specifying how to reconcile divergent branches is
hint: discouraged. You can squelch this message by running one of the following
hint: commands sometime before your next pull:
hint: 
hint:   git config pull.rebase false  # merge (the default strategy)
hint:   git config pull.rebase true   # rebase
hint:   git config pull.ff only       # fast-forward only
hint: 
hint: You can replace "git config" with "git config --global" to set a default
hint: preference for all repositories. You can also pass --rebase, --no-rebase,
hint: or --ff-only on the command line to override the configured default per
hint: invocation.
From https://github.com/Ayush-projects/learningOpenSource
 * branch            main       -> FETCH_HEAD
 * [new branch]      main       -> upstream/main
Already up to date.
masoodahmad@192 learningOpenSourceM % git add .
masoodahmad@192 learningOpenSourceM % git commit -m "1"
[main ab2db9f] 1
 1 file changed, 1 insertion(+)
masoodahmad@192 learningOpenSourceM % git push origin main
Enumerating objects: 5, done.
Counting objects: 100% (5/5), done.
Delta compression using up to 10 threads
Compressing objects: 100% (2/2), done.
Writing objects: 100% (3/3), 271 bytes | 271.00 KiB/s, done.
Total 3 (delta 1), reused 0 (delta 0), pack-reused 0
remote: Resolving deltas: 100% (1/1), completed with 1 local object.
To https://github.com/masood-ekcs/learningOpenSourceM.git
   73426dc..ab2db9f  main -> main
masoodahmad@192 learningOpenSourceM % git pull origin main
hint: Pulling without specifying how to reconcile divergent branches is
hint: discouraged. You can squelch this message by running one of the following
hint: commands sometime before your next pull:
hint: 
hint:   git config pull.rebase false  # merge (the default strategy)
hint:   git config pull.rebase true   # rebase
hint:   git config pull.ff only       # fast-forward only
hint: 
hint: You can replace "git config" with "git config --global" to set a default
hint: preference for all repositories. You can also pass --rebase, --no-rebase,
hint: or --ff-only on the command line to override the configured default per
hint: invocation.
remote: Enumerating objects: 8, done.
remote: Counting objects: 100% (8/8), done.
remote: Compressing objects: 100% (3/3), done.
remote: Total 4 (delta 1), reused 0 (delta 0), pack-reused 0
Unpacking objects: 100% (4/4), 1.27 KiB | 259.00 KiB/s, done.
From https://github.com/masood-ekcs/learningOpenSourceM
 * branch            main       -> FETCH_HEAD
   ab2db9f..16fe379  main       -> origin/main
Updating ab2db9f..16fe379
Fast-forward
 index.html | 4 +++-
 1 file changed, 3 insertions(+), 1 deletion(-)
masoodahmad@192 learningOpenSourceM % git add .
masoodahmad@192 learningOpenSourceM % git commit -m "2"
[main 419be15] 2
 1 file changed, 1 insertion(+), 1 deletion(-)
masoodahmad@192 learningOpenSourceM % git push origin main
Enumerating objects: 5, done.
Counting objects: 100% (5/5), done.
Delta compression using up to 10 threads
Compressing objects: 100% (2/2), done.
Writing objects: 100% (3/3), 263 bytes | 263.00 KiB/s, done.
Total 3 (delta 1), reused 0 (delta 0), pack-reused 0
remote: Resolving deltas: 100% (1/1), completed with 1 local object.
To https://github.com/masood-ekcs/learningOpenSourceM.git
   16fe379..419be15  main -> main
masoodahmad@192 learningOpenSourceM % cd ..
masoodahmad@192 CodingZen % git clone https://github.com/Ayush-projects/codingzen.git
Cloning into 'codingzen'...
remote: Enumerating objects: 15, done.
remote: Counting objects: 100% (15/15), done.
remote: Compressing objects: 100% (6/6), done.
remote: Total 15 (delta 0), reused 9 (delta 0), pack-reused 0
Receiving objects: 100% (15/15), done.
masoodahmad@192 CodingZen % cd codingzen
masoodahmad@192 codingzen % dir
zsh: command not found: dir
masoodahmad@192 codingzen % ls
README.md       classwork       homework        projects
masoodahmad@192 codingzen % git add .
masoodahmad@192 codingzen % git commit -m "1"
[main a7dca08] 1
 1 file changed, 2 insertions(+), 1 deletion(-)
masoodahmad@192 codingzen % git push origin main
Enumerating objects: 5, done.
Counting objects: 100% (5/5), done.
Delta compression using up to 10 threads
Compressing objects: 100% (3/3), done.
Writing objects: 100% (3/3), 406 bytes | 406.00 KiB/s, done.
Total 3 (delta 0), reused 0 (delta 0), pack-reused 0
To https://github.com/Ayush-projects/codingzen.git
   6a7d4c7..a7dca08  main -> main
masoodahmad@192 codingzen % git pull origin main
hint: Pulling without specifying how to reconcile divergent branches is
hint: discouraged. You can squelch this message by running one of the following
hint: commands sometime before your next pull:
hint: 
hint:   git config pull.rebase false  # merge (the default strategy)
hint:   git config pull.rebase true   # rebase
hint:   git config pull.ff only       # fast-forward only
hint: 
hint: You can replace "git config" with "git config --global" to set a default
hint: preference for all repositories. You can also pass --rebase, --no-rebase,
hint: or --ff-only on the command line to override the configured default per
hint: invocation.
remote: Enumerating objects: 5, done.
remote: Counting objects: 100% (5/5), done.
remote: Compressing objects: 100% (2/2), done.
remote: Total 3 (delta 1), reused 3 (delta 1), pack-reused 0
Unpacking objects: 100% (3/3), 358 bytes | 358.00 KiB/s, done.
From https://github.com/Ayush-projects/codingzen
 * branch            main       -> FETCH_HEAD
   a7dca08..9076249  main       -> origin/main
Updating a7dca08..9076249
Fast-forward
 README.md | 3 ++-
 1 file changed, 2 insertions(+), 1 deletion(-)
masoodahmad@192 codingzen % 